
--- 2026-08-09T13:56:50.845Z debug
🪵  Writing logs to "C:\Users\Administrator\Documents\GitHub\burnhamparkbaguio\.tmp\.wrangler\logs\wrangler-2026-08-09_13-56-49_566.log"
---

--- 2026-08-09T13:56:50.845Z debug
local dev variables file not found at ".dev.vars". Continuing... For more details, refer to https://developers.cloudflare.com/workers/wrangler/system-environment-variables/
---

--- 2026-08-09T13:56:50.848Z debug
.env file not found at "C:\Users\Administrator\Documents\GitHub\burnhamparkbaguio\.env". Continuing... For more details, refer to https://developers.cloudflare.com/workers/wrangler/system-environment-variables/
---

--- 2026-08-09T13:56:50.850Z debug
.env file not found at "C:\Users\Administrator\Documents\GitHub\burnhamparkbaguio\.env.local". Continuing... For more details, refer to https://developers.cloudflare.com/workers/wrangler/system-environment-variables/
---

--- 2026-08-09T13:56:54.910Z debug
local dev variables file not found at ".dev.vars". Continuing... For more details, refer to https://developers.cloudflare.com/workers/wrangler/system-environment-variables/
---

--- 2026-08-09T13:56:54.912Z debug
.env file not found at "C:\Users\Administrator\Documents\GitHub\burnhamparkbaguio\.env". Continuing... For more details, refer to https://developers.cloudflare.com/workers/wrangler/system-environment-variables/
---

--- 2026-08-09T13:56:54.913Z debug
.env file not found at "C:\Users\Administrator\Documents\GitHub\burnhamparkbaguio\.env.local". Continuing... For more details, refer to https://developers.cloudflare.com/workers/wrangler/system-environment-variables/
---

--- 2026-08-09T13:56:55.316Z debug
local dev variables file not found at "dist\server\.prerender\.dev.vars". Continuing... For more details, refer to https://developers.cloudflare.com/workers/wrangler/system-environment-variables/
---

--- 2026-08-09T13:56:55.318Z debug
.env file not found at "C:\Users\Administrator\Documents\GitHub\burnhamparkbaguio\dist\server\.prerender\.env". Continuing... For more details, refer to https://developers.cloudflare.com/workers/wrangler/system-environment-variables/
---

--- 2026-08-09T13:56:55.319Z debug
.env file not found at "C:\Users\Administrator\Documents\GitHub\burnhamparkbaguio\dist\server\.prerender\.env.local". Continuing... For more details, refer to https://developers.cloudflare.com/workers/wrangler/system-environment-variables/
---
