
--- 2026-08-10T03:49:06.294Z debug
🪵  Writing logs to "C:\Users\Administrator\Documents\GitHub\burnhamparkbaguio\.tmp\.wrangler\logs\wrangler-2026-08-10_03-49-04_794.log"
---

--- 2026-08-10T03:49:06.293Z debug
local dev variables file not found at ".dev.vars". Continuing... For more details, refer to https://developers.cloudflare.com/workers/wrangler/system-environment-variables/
---

--- 2026-08-10T03:49:06.297Z debug
.env file not found at "C:\Users\Administrator\Documents\GitHub\burnhamparkbaguio\.env". Continuing... For more details, refer to https://developers.cloudflare.com/workers/wrangler/system-environment-variables/
---

--- 2026-08-10T03:49:06.300Z debug
.env file not found at "C:\Users\Administrator\Documents\GitHub\burnhamparkbaguio\.env.local". Continuing... For more details, refer to https://developers.cloudflare.com/workers/wrangler/system-environment-variables/
---

--- 2026-08-10T03:49:31.316Z debug
local dev variables file not found at ".dev.vars". Continuing... For more details, refer to https://developers.cloudflare.com/workers/wrangler/system-environment-variables/
---

--- 2026-08-10T03:49:31.319Z debug
.env file not found at "C:\Users\Administrator\Documents\GitHub\burnhamparkbaguio\.env". Continuing... For more details, refer to https://developers.cloudflare.com/workers/wrangler/system-environment-variables/
---

--- 2026-08-10T03:49:31.323Z debug
.env file not found at "C:\Users\Administrator\Documents\GitHub\burnhamparkbaguio\.env.local". Continuing... For more details, refer to https://developers.cloudflare.com/workers/wrangler/system-environment-variables/
---

--- 2026-08-10T03:49:32.129Z debug
local dev variables file not found at "dist\server\.prerender\.dev.vars". Continuing... For more details, refer to https://developers.cloudflare.com/workers/wrangler/system-environment-variables/
---

--- 2026-08-10T03:49:32.131Z debug
.env file not found at "C:\Users\Administrator\Documents\GitHub\burnhamparkbaguio\dist\server\.prerender\.env". Continuing... For more details, refer to https://developers.cloudflare.com/workers/wrangler/system-environment-variables/
---

--- 2026-08-10T03:49:32.132Z debug
.env file not found at "C:\Users\Administrator\Documents\GitHub\burnhamparkbaguio\dist\server\.prerender\.env.local". Continuing... For more details, refer to https://developers.cloudflare.com/workers/wrangler/system-environment-variables/
---
